[06-Dec-2025 21:42:47 Europe/Berlin] PHP Warning:  include(../login/ingresarlogin.php): Failed to open stream: No such file or directory in C:\xampp\htdocs\html\Inventario\vista\almacen\registrodevolucioncompra.php on line 28
[06-Dec-2025 21:42:47 Europe/Berlin] PHP Warning:  include(): Failed opening '../login/ingresarlogin.php' for inclusion (include_path='C:\xampp\php\PEAR') in C:\xampp\htdocs\html\Inventario\vista\almacen\registrodevolucioncompra.php on line 28
[06-Dec-2025 21:42:47 Europe/Berlin] === VERIFICANDO ESTRUCTURA DE TABLAS ===
[06-Dec-2025 21:42:47 Europe/Berlin] COLUMNAS NOTACREDITO: [{"column_name":"cod_notacredito","data_type":"character varying"},{"column_name":"cod_detalleventa","data_type":"character varying"},{"column_name":"cod_usuario","data_type":"character varying"},{"column_name":"motivo","data_type":"text"},{"column_name":"cantidad_unidades","data_type":"integer"},{"column_name":"monto_devolucion","data_type":"numeric"},{"column_name":"cod_detallecompra","data_type":"character varying"},{"column_name":"fecha_notacredito","data_type":"timestamp without time zone"}]
[06-Dec-2025 21:42:47 Europe/Berlin] COMPRAS ENCONTRADAS: 3
[06-Dec-2025 21:42:49 Europe/Berlin] PHP Warning:  include(../login/ingresarlogin.php): Failed to open stream: No such file or directory in C:\xampp\htdocs\html\Inventario\vista\almacen\registrodevolucioncompra.php on line 28
[06-Dec-2025 21:42:49 Europe/Berlin] PHP Warning:  include(): Failed opening '../login/ingresarlogin.php' for inclusion (include_path='C:\xampp\php\PEAR') in C:\xampp\htdocs\html\Inventario\vista\almacen\registrodevolucioncompra.php on line 28
[06-Dec-2025 21:42:49 Europe/Berlin] Buscando detalles para compra: COM03
[06-Dec-2025 21:42:49 Europe/Berlin] Compra encontrada: {"cod_compra":"COM03","cod_usuario":"USU001","cod_proveedor":"PROVE001","cod_metodopago":"MP001","cod_tipodocumento":null,"cod_tiporeporte":"TR001","fecha_compra":"2025-12-04 00:12:21","proveedor_nombre":"Procter Y Gamble Peru Srl","documento_nombre":null,"serie":null,"numero":null,"metodo_pago":"Efectivo"}
[06-Dec-2025 21:42:49 Europe/Berlin] Detalles encontrados: 1
[06-Dec-2025 21:43:18 Europe/Berlin] PHP Warning:  include(../login/ingresarlogin.php): Failed to open stream: No such file or directory in C:\xampp\htdocs\html\Inventario\vista\almacen\registrodevolucioncompra.php on line 28
[06-Dec-2025 21:43:18 Europe/Berlin] PHP Warning:  include(): Failed opening '../login/ingresarlogin.php' for inclusion (include_path='C:\xampp\php\PEAR') in C:\xampp\htdocs\html\Inventario\vista\almacen\registrodevolucioncompra.php on line 28
[06-Dec-2025 21:43:18 Europe/Berlin] === VERIFICANDO ESTRUCTURA DE TABLAS ===
[06-Dec-2025 21:43:18 Europe/Berlin] COLUMNAS NOTACREDITO: [{"column_name":"cod_notacredito","data_type":"character varying"},{"column_name":"cod_detalleventa","data_type":"character varying"},{"column_name":"cod_usuario","data_type":"character varying"},{"column_name":"motivo","data_type":"text"},{"column_name":"cantidad_unidades","data_type":"integer"},{"column_name":"monto_devolucion","data_type":"numeric"},{"column_name":"cod_detallecompra","data_type":"character varying"},{"column_name":"fecha_notacredito","data_type":"timestamp without time zone"}]
[06-Dec-2025 21:43:18 Europe/Berlin] COMPRAS ENCONTRADAS: 3
[06-Dec-2025 22:05:07 Europe/Berlin] PHP Warning:  include(../login/ingresarlogin.php): Failed to open stream: No such file or directory in C:\xampp\htdocs\html\Inventario\vista\almacen\registrodevolucioncompra.php on line 28
[06-Dec-2025 22:05:07 Europe/Berlin] PHP Warning:  include(): Failed opening '../login/ingresarlogin.php' for inclusion (include_path='C:\xampp\php\PEAR') in C:\xampp\htdocs\html\Inventario\vista\almacen\registrodevolucioncompra.php on line 28
[06-Dec-2025 22:05:07 Europe/Berlin] === VERIFICANDO ESTRUCTURA DE TABLAS ===
[06-Dec-2025 22:05:07 Europe/Berlin] COLUMNAS NOTACREDITO: [{"column_name":"cod_notacredito","data_type":"character varying"},{"column_name":"cod_detalleventa","data_type":"character varying"},{"column_name":"cod_usuario","data_type":"character varying"},{"column_name":"motivo","data_type":"text"},{"column_name":"cantidad_unidades","data_type":"integer"},{"column_name":"monto_devolucion","data_type":"numeric"},{"column_name":"cod_detallecompra","data_type":"character varying"},{"column_name":"fecha_notacredito","data_type":"timestamp without time zone"}]
[06-Dec-2025 22:05:07 Europe/Berlin] COMPRAS ENCONTRADAS: 3
[06-Dec-2025 22:28:23 Europe/Berlin] PHP Warning:  include(../login/ingresarlogin.php): Failed to open stream: No such file or directory in C:\xampp\htdocs\html\Inventario\vista\almacen\registrodevolucioncompra.php on line 28
[06-Dec-2025 22:28:23 Europe/Berlin] PHP Warning:  include(): Failed opening '../login/ingresarlogin.php' for inclusion (include_path='C:\xampp\php\PEAR') in C:\xampp\htdocs\html\Inventario\vista\almacen\registrodevolucioncompra.php on line 28
[06-Dec-2025 22:28:23 Europe/Berlin] === VERIFICANDO ESTRUCTURA DE TABLAS ===
[06-Dec-2025 22:28:24 Europe/Berlin] COLUMNAS NOTACREDITO: [{"column_name":"cod_notacredito","data_type":"character varying"},{"column_name":"cod_detalleventa","data_type":"character varying"},{"column_name":"cod_usuario","data_type":"character varying"},{"column_name":"motivo","data_type":"text"},{"column_name":"cantidad_unidades","data_type":"integer"},{"column_name":"monto_devolucion","data_type":"numeric"},{"column_name":"cod_detallecompra","data_type":"character varying"},{"column_name":"fecha_notacredito","data_type":"timestamp without time zone"}]
[06-Dec-2025 22:28:24 Europe/Berlin] COMPRAS ENCONTRADAS: 3
[06-Dec-2025 22:28:41 Europe/Berlin] PHP Warning:  include(../login/ingresarlogin.php): Failed to open stream: No such file or directory in C:\xampp\htdocs\html\Inventario\vista\almacen\registrodevolucioncompra.php on line 28
[06-Dec-2025 22:28:41 Europe/Berlin] PHP Warning:  include(): Failed opening '../login/ingresarlogin.php' for inclusion (include_path='C:\xampp\php\PEAR') in C:\xampp\htdocs\html\Inventario\vista\almacen\registrodevolucioncompra.php on line 28
[06-Dec-2025 22:28:41 Europe/Berlin] === VERIFICANDO ESTRUCTURA DE TABLAS ===
[06-Dec-2025 22:28:41 Europe/Berlin] COLUMNAS NOTACREDITO: [{"column_name":"cod_notacredito","data_type":"character varying"},{"column_name":"cod_detalleventa","data_type":"character varying"},{"column_name":"cod_usuario","data_type":"character varying"},{"column_name":"motivo","data_type":"text"},{"column_name":"cantidad_unidades","data_type":"integer"},{"column_name":"monto_devolucion","data_type":"numeric"},{"column_name":"cod_detallecompra","data_type":"character varying"},{"column_name":"fecha_notacredito","data_type":"timestamp without time zone"}]
[06-Dec-2025 22:28:41 Europe/Berlin] COMPRAS ENCONTRADAS: 3
[06-Dec-2025 22:29:02 Europe/Berlin] PHP Warning:  include(../login/ingresarlogin.php): Failed to open stream: No such file or directory in C:\xampp\htdocs\html\Inventario\vista\almacen\registrodevolucioncompra.php on line 28
[06-Dec-2025 22:29:02 Europe/Berlin] PHP Warning:  include(): Failed opening '../login/ingresarlogin.php' for inclusion (include_path='C:\xampp\php\PEAR') in C:\xampp\htdocs\html\Inventario\vista\almacen\registrodevolucioncompra.php on line 28
[06-Dec-2025 22:29:02 Europe/Berlin] === VERIFICANDO ESTRUCTURA DE TABLAS ===
[06-Dec-2025 22:29:02 Europe/Berlin] COLUMNAS NOTACREDITO: [{"column_name":"cod_notacredito","data_type":"character varying"},{"column_name":"cod_detalleventa","data_type":"character varying"},{"column_name":"cod_usuario","data_type":"character varying"},{"column_name":"motivo","data_type":"text"},{"column_name":"cantidad_unidades","data_type":"integer"},{"column_name":"monto_devolucion","data_type":"numeric"},{"column_name":"cod_detallecompra","data_type":"character varying"},{"column_name":"fecha_notacredito","data_type":"timestamp without time zone"}]
[06-Dec-2025 22:29:02 Europe/Berlin] COMPRAS ENCONTRADAS: 3
[08-Dec-2025 18:16:40 Europe/Berlin] PHP Warning:  include(../login/ingresarlogin.php): Failed to open stream: No such file or directory in C:\xampp\htdocs\html\Inventario\vista\almacen\registrodevolucioncompra.php on line 28
[08-Dec-2025 18:16:40 Europe/Berlin] PHP Warning:  include(): Failed opening '../login/ingresarlogin.php' for inclusion (include_path='C:\xampp\php\PEAR') in C:\xampp\htdocs\html\Inventario\vista\almacen\registrodevolucioncompra.php on line 28
[08-Dec-2025 18:16:40 Europe/Berlin] === VERIFICANDO ESTRUCTURA DE TABLAS ===
[08-Dec-2025 18:16:40 Europe/Berlin] COLUMNAS NOTACREDITO: [{"column_name":"cod_notacredito","data_type":"character varying"},{"column_name":"cod_detalleventa","data_type":"character varying"},{"column_name":"cod_usuario","data_type":"character varying"},{"column_name":"motivo","data_type":"text"},{"column_name":"cantidad_unidades","data_type":"integer"},{"column_name":"monto_devolucion","data_type":"numeric"},{"column_name":"cod_detallecompra","data_type":"character varying"},{"column_name":"fecha_notacredito","data_type":"timestamp without time zone"}]
[08-Dec-2025 18:16:40 Europe/Berlin] COMPRAS ENCONTRADAS: 3
[09-Dec-2025 01:03:31 Europe/Berlin] PHP Warning:  include(../login/ingresarlogin.php): Failed to open stream: No such file or directory in C:\xampp\htdocs\html\Inventario\vista\almacen\registrodevolucioncompra.php on line 28
[09-Dec-2025 01:03:31 Europe/Berlin] PHP Warning:  include(): Failed opening '../login/ingresarlogin.php' for inclusion (include_path='C:\xampp\php\PEAR') in C:\xampp\htdocs\html\Inventario\vista\almacen\registrodevolucioncompra.php on line 28
[09-Dec-2025 01:03:31 Europe/Berlin] === VERIFICANDO ESTRUCTURA DE TABLAS ===
[09-Dec-2025 01:03:31 Europe/Berlin] COLUMNAS NOTACREDITO: [{"column_name":"cod_notacredito","data_type":"character varying"},{"column_name":"cod_detalleventa","data_type":"character varying"},{"column_name":"cod_usuario","data_type":"character varying"},{"column_name":"motivo","data_type":"text"},{"column_name":"cantidad_unidades","data_type":"integer"},{"column_name":"monto_devolucion","data_type":"numeric"},{"column_name":"cod_detallecompra","data_type":"character varying"},{"column_name":"fecha_notacredito","data_type":"timestamp without time zone"}]
[09-Dec-2025 01:03:31 Europe/Berlin] COMPRAS ENCONTRADAS: 3
[09-Dec-2025 11:42:20 Europe/Berlin] PHP Warning:  include(../login/ingresarlogin.php): Failed to open stream: No such file or directory in C:\xampp\htdocs\html\Inventario\vista\almacen\registrodevolucioncompra.php on line 28
[09-Dec-2025 11:42:20 Europe/Berlin] PHP Warning:  include(): Failed opening '../login/ingresarlogin.php' for inclusion (include_path='C:\xampp\php\PEAR') in C:\xampp\htdocs\html\Inventario\vista\almacen\registrodevolucioncompra.php on line 28
[09-Dec-2025 11:42:20 Europe/Berlin] === VERIFICANDO ESTRUCTURA DE TABLAS ===
[09-Dec-2025 11:42:20 Europe/Berlin] COLUMNAS NOTACREDITO: [{"column_name":"cod_notacredito","data_type":"character varying"},{"column_name":"cod_detalleventa","data_type":"character varying"},{"column_name":"cod_usuario","data_type":"character varying"},{"column_name":"motivo","data_type":"text"},{"column_name":"cantidad_unidades","data_type":"integer"},{"column_name":"monto_devolucion","data_type":"numeric"},{"column_name":"cod_detallecompra","data_type":"character varying"},{"column_name":"fecha_notacredito","data_type":"timestamp without time zone"}]
[09-Dec-2025 11:42:20 Europe/Berlin] COMPRAS ENCONTRADAS: 3
[09-Dec-2025 11:43:16 Europe/Berlin] PHP Warning:  include(../login/ingresarlogin.php): Failed to open stream: No such file or directory in C:\xampp\htdocs\html\Inventario\vista\almacen\registrodevolucioncompra.php on line 28
[09-Dec-2025 11:43:16 Europe/Berlin] PHP Warning:  include(): Failed opening '../login/ingresarlogin.php' for inclusion (include_path='C:\xampp\php\PEAR') in C:\xampp\htdocs\html\Inventario\vista\almacen\registrodevolucioncompra.php on line 28
[09-Dec-2025 11:43:16 Europe/Berlin] === VERIFICANDO ESTRUCTURA DE TABLAS ===
[09-Dec-2025 11:43:16 Europe/Berlin] COLUMNAS NOTACREDITO: [{"column_name":"cod_notacredito","data_type":"character varying"},{"column_name":"cod_detalleventa","data_type":"character varying"},{"column_name":"cod_usuario","data_type":"character varying"},{"column_name":"motivo","data_type":"text"},{"column_name":"cantidad_unidades","data_type":"integer"},{"column_name":"monto_devolucion","data_type":"numeric"},{"column_name":"cod_detallecompra","data_type":"character varying"},{"column_name":"fecha_notacredito","data_type":"timestamp without time zone"}]
[09-Dec-2025 11:43:16 Europe/Berlin] COMPRAS ENCONTRADAS: 3
[09-Dec-2025 11:43:19 Europe/Berlin] PHP Warning:  include(../login/ingresarlogin.php): Failed to open stream: No such file or directory in C:\xampp\htdocs\html\Inventario\vista\almacen\registrodevolucioncompra.php on line 28
[09-Dec-2025 11:43:19 Europe/Berlin] PHP Warning:  include(): Failed opening '../login/ingresarlogin.php' for inclusion (include_path='C:\xampp\php\PEAR') in C:\xampp\htdocs\html\Inventario\vista\almacen\registrodevolucioncompra.php on line 28
[09-Dec-2025 11:43:19 Europe/Berlin] === VERIFICANDO ESTRUCTURA DE TABLAS ===
[09-Dec-2025 11:43:19 Europe/Berlin] COLUMNAS NOTACREDITO: [{"column_name":"cod_notacredito","data_type":"character varying"},{"column_name":"cod_detalleventa","data_type":"character varying"},{"column_name":"cod_usuario","data_type":"character varying"},{"column_name":"motivo","data_type":"text"},{"column_name":"cantidad_unidades","data_type":"integer"},{"column_name":"monto_devolucion","data_type":"numeric"},{"column_name":"cod_detallecompra","data_type":"character varying"},{"column_name":"fecha_notacredito","data_type":"timestamp without time zone"}]
[09-Dec-2025 11:43:19 Europe/Berlin] COMPRAS ENCONTRADAS: 3
[09-Dec-2025 11:43:21 Europe/Berlin] PHP Warning:  include(../login/ingresarlogin.php): Failed to open stream: No such file or directory in C:\xampp\htdocs\html\Inventario\vista\almacen\registrodevolucioncompra.php on line 28
[09-Dec-2025 11:43:21 Europe/Berlin] PHP Warning:  include(): Failed opening '../login/ingresarlogin.php' for inclusion (include_path='C:\xampp\php\PEAR') in C:\xampp\htdocs\html\Inventario\vista\almacen\registrodevolucioncompra.php on line 28
[09-Dec-2025 11:43:21 Europe/Berlin] Buscando detalles para compra: COM03
[09-Dec-2025 11:43:21 Europe/Berlin] Compra encontrada: {"cod_compra":"COM03","cod_usuario":"USU001","cod_proveedor":"PROVE001","cod_metodopago":"MP001","cod_tipodocumento":null,"cod_tiporeporte":"TR001","fecha_compra":"2025-12-04 00:12:21","proveedor_nombre":"Procter Y Gamble Peru Srl","documento_nombre":null,"serie":null,"numero":null,"metodo_pago":"Efectivo"}
[09-Dec-2025 11:43:21 Europe/Berlin] Detalles encontrados: 1
[09-Dec-2025 11:43:52 Europe/Berlin] PHP Warning:  include(../login/ingresarlogin.php): Failed to open stream: No such file or directory in C:\xampp\htdocs\html\Inventario\vista\almacen\registrodevolucioncompra.php on line 28
[09-Dec-2025 11:43:52 Europe/Berlin] PHP Warning:  include(): Failed opening '../login/ingresarlogin.php' for inclusion (include_path='C:\xampp\php\PEAR') in C:\xampp\htdocs\html\Inventario\vista\almacen\registrodevolucioncompra.php on line 28
[09-Dec-2025 11:43:52 Europe/Berlin] === VERIFICANDO ESTRUCTURA DE TABLAS ===
[09-Dec-2025 11:43:52 Europe/Berlin] COLUMNAS NOTACREDITO: [{"column_name":"cod_notacredito","data_type":"character varying"},{"column_name":"cod_detalleventa","data_type":"character varying"},{"column_name":"cod_usuario","data_type":"character varying"},{"column_name":"motivo","data_type":"text"},{"column_name":"cantidad_unidades","data_type":"integer"},{"column_name":"monto_devolucion","data_type":"numeric"},{"column_name":"cod_detallecompra","data_type":"character varying"},{"column_name":"fecha_notacredito","data_type":"timestamp without time zone"}]
[09-Dec-2025 11:43:52 Europe/Berlin] COMPRAS ENCONTRADAS: 3
[09-Dec-2025 17:35:22 Europe/Berlin] PHP Warning:  include(../login/ingresarlogin.php): Failed to open stream: No such file or directory in C:\xampp\htdocs\html\Inventario\vista\almacen\registrodevolucioncompra.php on line 28
[09-Dec-2025 17:35:22 Europe/Berlin] PHP Warning:  include(): Failed opening '../login/ingresarlogin.php' for inclusion (include_path='C:\xampp\php\PEAR') in C:\xampp\htdocs\html\Inventario\vista\almacen\registrodevolucioncompra.php on line 28
[09-Dec-2025 17:35:22 Europe/Berlin] === VERIFICANDO ESTRUCTURA DE TABLAS ===
[09-Dec-2025 17:35:22 Europe/Berlin] COLUMNAS NOTACREDITO: [{"column_name":"cod_notacredito","data_type":"character varying"},{"column_name":"cod_detalleventa","data_type":"character varying"},{"column_name":"cod_usuario","data_type":"character varying"},{"column_name":"motivo","data_type":"text"},{"column_name":"cantidad_unidades","data_type":"integer"},{"column_name":"monto_devolucion","data_type":"numeric"},{"column_name":"cod_detallecompra","data_type":"character varying"},{"column_name":"fecha_notacredito","data_type":"timestamp without time zone"}]
[09-Dec-2025 17:35:22 Europe/Berlin] COMPRAS ENCONTRADAS: 3
[09-Dec-2025 17:40:03 Europe/Berlin] PHP Warning:  include(../login/ingresarlogin.php): Failed to open stream: No such file or directory in C:\xampp\htdocs\html\Inventario\vista\almacen\registrodevolucioncompra.php on line 28
[09-Dec-2025 17:40:03 Europe/Berlin] PHP Warning:  include(): Failed opening '../login/ingresarlogin.php' for inclusion (include_path='C:\xampp\php\PEAR') in C:\xampp\htdocs\html\Inventario\vista\almacen\registrodevolucioncompra.php on line 28
[09-Dec-2025 17:40:03 Europe/Berlin] === VERIFICANDO ESTRUCTURA DE TABLAS ===
[09-Dec-2025 17:40:03 Europe/Berlin] COLUMNAS NOTACREDITO: [{"column_name":"cod_notacredito","data_type":"character varying"},{"column_name":"cod_detalleventa","data_type":"character varying"},{"column_name":"cod_usuario","data_type":"character varying"},{"column_name":"motivo","data_type":"text"},{"column_name":"cantidad_unidades","data_type":"integer"},{"column_name":"monto_devolucion","data_type":"numeric"},{"column_name":"cod_detallecompra","data_type":"character varying"},{"column_name":"fecha_notacredito","data_type":"timestamp without time zone"}]
[09-Dec-2025 17:40:03 Europe/Berlin] COMPRAS ENCONTRADAS: 3
[09-Dec-2025 17:40:15 Europe/Berlin] PHP Warning:  include(../login/ingresarlogin.php): Failed to open stream: No such file or directory in C:\xampp\htdocs\html\Inventario\vista\almacen\registrodevolucioncompra.php on line 28
[09-Dec-2025 17:40:15 Europe/Berlin] PHP Warning:  include(): Failed opening '../login/ingresarlogin.php' for inclusion (include_path='C:\xampp\php\PEAR') in C:\xampp\htdocs\html\Inventario\vista\almacen\registrodevolucioncompra.php on line 28
[09-Dec-2025 17:40:15 Europe/Berlin] === VERIFICANDO ESTRUCTURA DE TABLAS ===
[09-Dec-2025 17:40:15 Europe/Berlin] COLUMNAS NOTACREDITO: [{"column_name":"cod_notacredito","data_type":"character varying"},{"column_name":"cod_detalleventa","data_type":"character varying"},{"column_name":"cod_usuario","data_type":"character varying"},{"column_name":"motivo","data_type":"text"},{"column_name":"cantidad_unidades","data_type":"integer"},{"column_name":"monto_devolucion","data_type":"numeric"},{"column_name":"cod_detallecompra","data_type":"character varying"},{"column_name":"fecha_notacredito","data_type":"timestamp without time zone"}]
[09-Dec-2025 17:40:15 Europe/Berlin] COMPRAS ENCONTRADAS: 3
[09-Dec-2025 17:40:29 Europe/Berlin] PHP Warning:  include(../login/ingresarlogin.php): Failed to open stream: No such file or directory in C:\xampp\htdocs\html\Inventario\vista\almacen\registrodevolucioncompra.php on line 28
[09-Dec-2025 17:40:29 Europe/Berlin] PHP Warning:  include(): Failed opening '../login/ingresarlogin.php' for inclusion (include_path='C:\xampp\php\PEAR') in C:\xampp\htdocs\html\Inventario\vista\almacen\registrodevolucioncompra.php on line 28
[09-Dec-2025 17:40:29 Europe/Berlin] === VERIFICANDO ESTRUCTURA DE TABLAS ===
[09-Dec-2025 17:40:29 Europe/Berlin] COLUMNAS NOTACREDITO: [{"column_name":"cod_notacredito","data_type":"character varying"},{"column_name":"cod_detalleventa","data_type":"character varying"},{"column_name":"cod_usuario","data_type":"character varying"},{"column_name":"motivo","data_type":"text"},{"column_name":"cantidad_unidades","data_type":"integer"},{"column_name":"monto_devolucion","data_type":"numeric"},{"column_name":"cod_detallecompra","data_type":"character varying"},{"column_name":"fecha_notacredito","data_type":"timestamp without time zone"}]
[09-Dec-2025 17:40:29 Europe/Berlin] COMPRAS ENCONTRADAS: 3
[10-Dec-2025 05:00:21 Europe/Berlin] PHP Warning:  include(../login/ingresarlogin.php): Failed to open stream: No such file or directory in C:\xampp\htdocs\html\Inventario\vista\almacen\registrodevolucioncompra.php on line 28
[10-Dec-2025 05:00:21 Europe/Berlin] PHP Warning:  include(): Failed opening '../login/ingresarlogin.php' for inclusion (include_path='C:\xampp\php\PEAR') in C:\xampp\htdocs\html\Inventario\vista\almacen\registrodevolucioncompra.php on line 28
[10-Dec-2025 05:00:21 Europe/Berlin] === VERIFICANDO ESTRUCTURA DE TABLAS ===
[10-Dec-2025 05:00:21 Europe/Berlin] COLUMNAS NOTACREDITO: [{"column_name":"cod_notacredito","data_type":"character varying"},{"column_name":"cod_detalleventa","data_type":"character varying"},{"column_name":"cod_usuario","data_type":"character varying"},{"column_name":"motivo","data_type":"text"},{"column_name":"cantidad_unidades","data_type":"integer"},{"column_name":"monto_devolucion","data_type":"numeric"},{"column_name":"cod_detallecompra","data_type":"character varying"},{"column_name":"fecha_notacredito","data_type":"timestamp without time zone"}]
[10-Dec-2025 05:00:21 Europe/Berlin] COMPRAS ENCONTRADAS: 3
[10-Dec-2025 05:00:40 Europe/Berlin] PHP Warning:  include(../login/ingresarlogin.php): Failed to open stream: No such file or directory in C:\xampp\htdocs\html\Inventario\vista\almacen\registrodevolucioncompra.php on line 28
[10-Dec-2025 05:00:40 Europe/Berlin] PHP Warning:  include(): Failed opening '../login/ingresarlogin.php' for inclusion (include_path='C:\xampp\php\PEAR') in C:\xampp\htdocs\html\Inventario\vista\almacen\registrodevolucioncompra.php on line 28
[10-Dec-2025 05:00:40 Europe/Berlin] === VERIFICANDO ESTRUCTURA DE TABLAS ===
[10-Dec-2025 05:00:40 Europe/Berlin] COLUMNAS NOTACREDITO: [{"column_name":"cod_notacredito","data_type":"character varying"},{"column_name":"cod_detalleventa","data_type":"character varying"},{"column_name":"cod_usuario","data_type":"character varying"},{"column_name":"motivo","data_type":"text"},{"column_name":"cantidad_unidades","data_type":"integer"},{"column_name":"monto_devolucion","data_type":"numeric"},{"column_name":"cod_detallecompra","data_type":"character varying"},{"column_name":"fecha_notacredito","data_type":"timestamp without time zone"}]
[10-Dec-2025 05:00:40 Europe/Berlin] COMPRAS ENCONTRADAS: 3
