[06-Dec-2025 22:48:17 Europe/Berlin] === VERIFICANDO ESTRUCTURA DE TABLAS ===
[06-Dec-2025 22:48:17 Europe/Berlin] COLUMNAS NOTACREDITO: [{"column_name":"cod_notacredito","data_type":"character varying"},{"column_name":"cod_detalleventa","data_type":"character varying"},{"column_name":"cod_usuario","data_type":"character varying"},{"column_name":"motivo","data_type":"text"},{"column_name":"cantidad_unidades","data_type":"integer"},{"column_name":"monto_devolucion","data_type":"numeric"},{"column_name":"cod_detallecompra","data_type":"character varying"},{"column_name":"fecha_notacredito","data_type":"timestamp without time zone"}]
[06-Dec-2025 22:48:17 Europe/Berlin] VENTAS ENCONTRADAS: 12
[06-Dec-2025 22:48:23 Europe/Berlin] Buscando detalles para venta: V014
[06-Dec-2025 22:48:23 Europe/Berlin] Venta encontrada: {"cod_venta":"V014","cod_usuario":"USU003","dni":"54123698","nombre":"Morgan","cod_tipodocumento":"TD001","email":"","cod_metodopago":"MP002","cod_tiporeporte":"TR001","fecha_venta":"2025-12-04 02:37:29","documento_nombre":"Factura","serie":"F001","numero":"29","metodo_pago":"Tarjeta"}
[06-Dec-2025 22:48:23 Europe/Berlin] Detalles encontrados: 1
[06-Dec-2025 22:48:52 Europe/Berlin] === VERIFICANDO ESTRUCTURA DE TABLAS ===
[06-Dec-2025 22:48:52 Europe/Berlin] COLUMNAS NOTACREDITO: [{"column_name":"cod_notacredito","data_type":"character varying"},{"column_name":"cod_detalleventa","data_type":"character varying"},{"column_name":"cod_usuario","data_type":"character varying"},{"column_name":"motivo","data_type":"text"},{"column_name":"cantidad_unidades","data_type":"integer"},{"column_name":"monto_devolucion","data_type":"numeric"},{"column_name":"cod_detallecompra","data_type":"character varying"},{"column_name":"fecha_notacredito","data_type":"timestamp without time zone"}]
[06-Dec-2025 22:48:52 Europe/Berlin] VENTAS ENCONTRADAS: 12
[09-Dec-2025 01:05:03 Europe/Berlin] === VERIFICANDO ESTRUCTURA DE TABLAS ===
[09-Dec-2025 01:05:03 Europe/Berlin] COLUMNAS NOTACREDITO: [{"column_name":"cod_notacredito","data_type":"character varying"},{"column_name":"cod_detalleventa","data_type":"character varying"},{"column_name":"cod_usuario","data_type":"character varying"},{"column_name":"motivo","data_type":"text"},{"column_name":"cantidad_unidades","data_type":"integer"},{"column_name":"monto_devolucion","data_type":"numeric"},{"column_name":"cod_detallecompra","data_type":"character varying"},{"column_name":"fecha_notacredito","data_type":"timestamp without time zone"}]
[09-Dec-2025 01:05:03 Europe/Berlin] VENTAS ENCONTRADAS: 12
[09-Dec-2025 01:05:08 Europe/Berlin] Buscando detalles para venta: V014
[09-Dec-2025 01:05:08 Europe/Berlin] Venta encontrada: {"cod_venta":"V014","cod_usuario":"USU003","dni":"54123698","nombre":"Morgan","cod_tipodocumento":"TD001","email":"","cod_metodopago":"MP002","cod_tiporeporte":"TR001","fecha_venta":"2025-12-04 02:37:29","documento_nombre":"Factura","serie":"F001","numero":"29","metodo_pago":"Tarjeta"}
[09-Dec-2025 01:05:08 Europe/Berlin] Detalles encontrados: 1
[09-Dec-2025 06:35:22 Europe/Berlin] === VERIFICANDO ESTRUCTURA DE TABLAS ===
[09-Dec-2025 06:35:22 Europe/Berlin] COLUMNAS NOTACREDITO: [{"column_name":"cod_notacredito","data_type":"character varying"},{"column_name":"cod_detalleventa","data_type":"character varying"},{"column_name":"cod_usuario","data_type":"character varying"},{"column_name":"motivo","data_type":"text"},{"column_name":"cantidad_unidades","data_type":"integer"},{"column_name":"monto_devolucion","data_type":"numeric"},{"column_name":"cod_detallecompra","data_type":"character varying"},{"column_name":"fecha_notacredito","data_type":"timestamp without time zone"}]
[09-Dec-2025 06:35:22 Europe/Berlin] VENTAS ENCONTRADAS: 12
[09-Dec-2025 06:36:19 Europe/Berlin] === VERIFICANDO ESTRUCTURA DE TABLAS ===
[09-Dec-2025 06:36:19 Europe/Berlin] COLUMNAS NOTACREDITO: [{"column_name":"cod_notacredito","data_type":"character varying"},{"column_name":"cod_detalleventa","data_type":"character varying"},{"column_name":"cod_usuario","data_type":"character varying"},{"column_name":"motivo","data_type":"text"},{"column_name":"cantidad_unidades","data_type":"integer"},{"column_name":"monto_devolucion","data_type":"numeric"},{"column_name":"cod_detallecompra","data_type":"character varying"},{"column_name":"fecha_notacredito","data_type":"timestamp without time zone"}]
[09-Dec-2025 06:36:19 Europe/Berlin] VENTAS ENCONTRADAS: 12
[09-Dec-2025 18:40:22 Europe/Berlin] === VERIFICANDO ESTRUCTURA DE TABLAS ===
[09-Dec-2025 18:40:22 Europe/Berlin] COLUMNAS NOTACREDITO: [{"column_name":"cod_notacredito","data_type":"character varying"},{"column_name":"cod_detalleventa","data_type":"character varying"},{"column_name":"cod_usuario","data_type":"character varying"},{"column_name":"motivo","data_type":"text"},{"column_name":"cantidad_unidades","data_type":"integer"},{"column_name":"monto_devolucion","data_type":"numeric"},{"column_name":"cod_detallecompra","data_type":"character varying"},{"column_name":"fecha_notacredito","data_type":"timestamp without time zone"}]
[09-Dec-2025 18:40:22 Europe/Berlin] VENTAS ENCONTRADAS: 12
[09-Dec-2025 23:22:49 Europe/Berlin] === VERIFICANDO ESTRUCTURA DE TABLAS ===
[09-Dec-2025 23:22:49 Europe/Berlin] COLUMNAS NOTACREDITO: [{"column_name":"cod_notacredito","data_type":"character varying"},{"column_name":"cod_detalleventa","data_type":"character varying"},{"column_name":"cod_usuario","data_type":"character varying"},{"column_name":"motivo","data_type":"text"},{"column_name":"cantidad_unidades","data_type":"integer"},{"column_name":"monto_devolucion","data_type":"numeric"},{"column_name":"cod_detallecompra","data_type":"character varying"},{"column_name":"fecha_notacredito","data_type":"timestamp without time zone"}]
[09-Dec-2025 23:22:49 Europe/Berlin] VENTAS ENCONTRADAS: 12
[09-Dec-2025 23:22:51 Europe/Berlin] Buscando detalles para venta: V013
[09-Dec-2025 23:22:51 Europe/Berlin] Venta encontrada: {"cod_venta":"V013","cod_usuario":"USU001","dni":"41523641","nombre":"Morgan","cod_tipodocumento":"TD001","email":"","cod_metodopago":"MP002","cod_tiporeporte":"TR001","fecha_venta":"2025-12-04 00:26:11","documento_nombre":"Factura","serie":"F001","numero":"29","metodo_pago":"Tarjeta"}
[09-Dec-2025 23:22:51 Europe/Berlin] Detalles encontrados: 2
[09-Dec-2025 23:24:21 Europe/Berlin] === VERIFICANDO ESTRUCTURA DE TABLAS ===
[09-Dec-2025 23:24:21 Europe/Berlin] COLUMNAS NOTACREDITO: [{"column_name":"cod_notacredito","data_type":"character varying"},{"column_name":"cod_detalleventa","data_type":"character varying"},{"column_name":"cod_usuario","data_type":"character varying"},{"column_name":"motivo","data_type":"text"},{"column_name":"cantidad_unidades","data_type":"integer"},{"column_name":"monto_devolucion","data_type":"numeric"},{"column_name":"cod_detallecompra","data_type":"character varying"},{"column_name":"fecha_notacredito","data_type":"timestamp without time zone"}]
[09-Dec-2025 23:24:21 Europe/Berlin] VENTAS ENCONTRADAS: 12
[10-Dec-2025 02:03:57 Europe/Berlin] === VERIFICANDO ESTRUCTURA DE TABLAS ===
[10-Dec-2025 02:03:57 Europe/Berlin] COLUMNAS NOTACREDITO: [{"column_name":"cod_notacredito","data_type":"character varying"},{"column_name":"cod_detalleventa","data_type":"character varying"},{"column_name":"cod_usuario","data_type":"character varying"},{"column_name":"motivo","data_type":"text"},{"column_name":"cantidad_unidades","data_type":"integer"},{"column_name":"monto_devolucion","data_type":"numeric"},{"column_name":"cod_detallecompra","data_type":"character varying"},{"column_name":"fecha_notacredito","data_type":"timestamp without time zone"}]
[10-Dec-2025 02:03:57 Europe/Berlin] VENTAS ENCONTRADAS: 12
[10-Dec-2025 02:04:00 Europe/Berlin] Buscando detalles para venta: V014
[10-Dec-2025 02:04:00 Europe/Berlin] Venta encontrada: {"cod_venta":"V014","cod_usuario":"USU003","dni":"54123698","nombre":"Morgan","cod_tipodocumento":"TD001","email":"","cod_metodopago":"MP002","cod_tiporeporte":"TR001","fecha_venta":"2025-12-04 02:37:29","documento_nombre":"Factura","serie":"F001","numero":"29","metodo_pago":"Tarjeta"}
[10-Dec-2025 05:00:11 Europe/Berlin] === VERIFICANDO ESTRUCTURA DE TABLAS ===
[10-Dec-2025 05:00:11 Europe/Berlin] COLUMNAS NOTACREDITO: [{"column_name":"cod_notacredito","data_type":"character varying"},{"column_name":"cod_detalleventa","data_type":"character varying"},{"column_name":"cod_usuario","data_type":"character varying"},{"column_name":"motivo","data_type":"text"},{"column_name":"cantidad_unidades","data_type":"integer"},{"column_name":"monto_devolucion","data_type":"numeric"},{"column_name":"cod_detallecompra","data_type":"character varying"},{"column_name":"fecha_notacredito","data_type":"timestamp without time zone"}]
[10-Dec-2025 05:00:11 Europe/Berlin] VENTAS ENCONTRADAS: 12
